\BOOKMARK [0][-]{chapter.1}{\376\377\000I\000n\000t\000r\000o\000d\000u\000c\000t\000i\000o\000n}{}% 1
\BOOKMARK [1][-]{section.1.1}{\376\377\000P\000u\000r\000p\000o\000s\000e}{chapter.1}% 2
\BOOKMARK [1][-]{section.1.2}{\376\377\000S\000c\000o\000p\000e}{chapter.1}% 3
\BOOKMARK [1][-]{section.1.3}{\376\377\000D\000e\000f\000i\000n\000i\000t\000i\000o\000n\000s\000\040\000a\000n\000d\000\040\000A\000c\000r\000o\000n\000y\000m\000s}{chapter.1}% 4
\BOOKMARK [0][-]{chapter.2}{\376\377\000O\000v\000e\000r\000a\000l\000l\000\040\000D\000e\000s\000c\000r\000i\000p\000t\000i\000o\000n}{}% 5
\BOOKMARK [1][-]{section.2.1}{\376\377\000P\000r\000o\000d\000u\000c\000t\000\040\000P\000e\000r\000s\000p\000e\000c\000t\000i\000v\000e}{chapter.2}% 6
\BOOKMARK [1][-]{section.2.2}{\376\377\000S\000y\000s\000t\000e\000m\000\040\000F\000u\000n\000c\000t\000i\000o\000n\000s}{chapter.2}% 7
\BOOKMARK [1][-]{section.2.3}{\376\377\000U\000s\000e\000\040\000C\000a\000s\000e\000\040\000D\000i\000a\000g\000r\000a\000m}{chapter.2}% 8
\BOOKMARK [1][-]{section.2.4}{\376\377\000S\000y\000s\000t\000e\000m\000\040\000A\000r\000c\000h\000i\000t\000e\000c\000t\000u\000r\000e}{chapter.2}% 9
\BOOKMARK [1][-]{section.2.5}{\376\377\000E\000V\000\040\000S\000t\000a\000t\000e\000\040\000M\000a\000c\000h\000i\000n\000e}{chapter.2}% 10
\BOOKMARK [1][-]{section.2.6}{\376\377\000E\000V\000S\000E\000\040\000S\000t\000a\000t\000e\000\040\000M\000a\000c\000h\000i\000n\000e}{chapter.2}% 11
\BOOKMARK [1][-]{section.2.7}{\376\377\000S\000t\000a\000t\000e\000\040\000S\000y\000n\000c\000h\000r\000o\000n\000i\000z\000a\000t\000i\000o\000n}{chapter.2}% 12
\BOOKMARK [1][-]{section.2.8}{\376\377\000C\000h\000a\000r\000g\000i\000n\000g\000\040\000L\000o\000o\000p\000\040\000S\000e\000q\000u\000e\000n\000c\000e}{chapter.2}% 13
\BOOKMARK [2][-]{subsection.2.8.1}{\376\377\000C\000S\000M\000S\000-\000E\000V\000S\000E\000-\000E\000V\000\040\000I\000n\000t\000e\000r\000a\000c\000t\000i\000o\000n}{section.2.8}% 14
\BOOKMARK [1][-]{section.2.9}{\376\377\000C\000o\000r\000e\000\040\000C\000o\000m\000p\000o\000n\000e\000n\000t\000s}{chapter.2}% 15
\BOOKMARK [2][-]{subsection.2.9.1}{\376\377\000W\000h\000i\000t\000e\000b\000e\000e\000t\000\040\000C\000o\000m\000p\000o\000n\000e\000n\000t}{section.2.9}% 16
\BOOKMARK [2][-]{subsection.2.9.2}{\376\377\000E\000V\000\040\000C\000o\000m\000p\000o\000n\000e\000n\000t}{section.2.9}% 17
\BOOKMARK [2][-]{subsection.2.9.3}{\376\377\000E\000V\000S\000E\000\040\000C\000o\000m\000p\000o\000n\000e\000n\000t}{section.2.9}% 18
\BOOKMARK [2][-]{subsection.2.9.4}{\376\377\000O\000C\000P\000P\000\040\000C\000o\000m\000p\000o\000n\000e\000n\000t}{section.2.9}% 19
\BOOKMARK [1][-]{section.2.10}{\376\377\000C\000h\000a\000r\000g\000e\000r\000\040\000C\000o\000m\000p\000o\000n\000e\000n\000t}{chapter.2}% 20
\BOOKMARK [2][-]{subsection.2.10.1}{\376\377\000I\000m\000p\000l\000e\000m\000e\000n\000t\000i\000n\000g\000\040\000a\000\040\000C\000u\000s\000t\000o\000m\000\040\000C\000h\000a\000r\000g\000e\000r}{section.2.10}% 21
\BOOKMARK [2][-]{subsection.2.10.2}{\376\377\000T\000R\000I\000O\000-\000H\000P\000\040\000C\000h\000a\000r\000g\000e\000r\000\040\000P\000r\000o\000t\000o\000c\000o\000l}{section.2.10}% 22
\BOOKMARK [1][-]{section.2.11}{\376\377\000B\000a\000t\000t\000e\000r\000y\000\040\000C\000o\000m\000p\000o\000n\000e\000n\000t}{chapter.2}% 23
\BOOKMARK [1][-]{section.2.12}{\376\377\000D\000e\000f\000a\000u\000l\000t\000\040\000C\000h\000a\000r\000g\000i\000n\000g\000\040\000R\000o\000u\000t\000i\000n\000e}{chapter.2}% 24
\BOOKMARK [2][-]{subsection.2.12.1}{\376\377\000D\000e\000f\000a\000u\000l\000t\000\040\000S\000c\000h\000e\000d\000u\000l\000e}{section.2.12}% 25
\BOOKMARK [2][-]{subsection.2.12.2}{\376\377\000P\000h\000y\000s\000i\000c\000s\000\040\000S\000i\000m\000u\000l\000a\000t\000i\000o\000n\000\040\000P\000a\000r\000a\000m\000e\000t\000e\000r\000s}{section.2.12}% 26
\BOOKMARK [1][-]{section.2.13}{\376\377\000P\000r\000o\000j\000e\000c\000t\000\040\000F\000i\000l\000e\000\040\000S\000t\000r\000u\000c\000t\000u\000r\000e}{chapter.2}% 27
\BOOKMARK [0][-]{chapter.3}{\376\377\000S\000p\000e\000c\000i\000f\000i\000c\000\040\000R\000e\000q\000u\000i\000r\000e\000m\000e\000n\000t\000s}{}% 28
\BOOKMARK [1][-]{section.3.1}{\376\377\000E\000x\000t\000e\000r\000n\000a\000l\000\040\000I\000n\000t\000e\000r\000f\000a\000c\000e\000s}{chapter.3}% 29
\BOOKMARK [2][-]{subsection.3.1.1}{\376\377\000C\000o\000m\000m\000u\000n\000i\000c\000a\000t\000i\000o\000n\000\040\000I\000n\000t\000e\000r\000f\000a\000c\000e\000s}{section.3.1}% 30
\BOOKMARK [2][-]{subsection.3.1.2}{\376\377\000U\000s\000e\000r\000\040\000I\000n\000t\000e\000r\000f\000a\000c\000e\000s}{section.3.1}% 31
\BOOKMARK [1][-]{section.3.2}{\376\377\000F\000u\000n\000c\000t\000i\000o\000n\000a\000l\000\040\000R\000e\000q\000u\000i\000r\000e\000m\000e\000n\000t\000s}{chapter.3}% 32
\BOOKMARK [2][-]{subsection.3.2.1}{\376\377\000F\000R\000-\0000\0001\000:\000\040\000P\000r\000o\000t\000o\000c\000o\000l\000\040\000N\000e\000g\000o\000t\000i\000a\000t\000i\000o\000n}{section.3.2}% 33
\BOOKMARK [2][-]{subsection.3.2.2}{\376\377\000F\000R\000-\0000\0001\000-\000A\000:\000\040\000O\000C\000P\000P\000\040\000V\000e\000r\000s\000i\000o\000n\000\040\000S\000e\000l\000e\000c\000t\000i\000o\000n}{section.3.2}% 34
\BOOKMARK [2][-]{subsection.3.2.3}{\376\377\000F\000R\000-\0000\0002\000:\000\040\000A\000u\000t\000h\000o\000r\000i\000z\000a\000t\000i\000o\000n}{section.3.2}% 35
\BOOKMARK [2][-]{subsection.3.2.4}{\376\377\000F\000R\000-\0000\0003\000:\000\040\000C\000h\000a\000r\000g\000i\000n\000g\000\040\000C\000o\000n\000t\000r\000o\000l}{section.3.2}% 36
\BOOKMARK [2][-]{subsection.3.2.5}{\376\377\000F\000R\000-\0000\0004\000:\000\040\000O\000C\000P\000P\000\040\000I\000n\000t\000e\000g\000r\000a\000t\000i\000o\000n}{section.3.2}% 37
\BOOKMARK [1][-]{section.3.3}{\376\377\000C\000o\000m\000m\000u\000n\000i\000c\000a\000t\000i\000o\000n\000\040\000F\000l\000o\000w}{chapter.3}% 38
\BOOKMARK [2][-]{subsection.3.3.1}{\376\377\000O\000C\000P\000P\000\040\0001\000.\0006\000\040\000S\000e\000q\000u\000e\000n\000c\000e\000\040\000F\000l\000o\000w}{section.3.3}% 39
\BOOKMARK [2][-]{subsection.3.3.2}{\376\377\000O\000C\000P\000P\000\040\0002\000.\0000\000.\0001\000\040\000S\000e\000q\000u\000e\000n\000c\000e\000\040\000F\000l\000o\000w}{section.3.3}% 40
\BOOKMARK [2][-]{subsection.3.3.3}{\376\377\000K\000e\000y\000\040\000D\000i\000f\000f\000e\000r\000e\000n\000c\000e\000s\000:\000\040\000O\000C\000P\000P\000\040\0001\000.\0006\000\040\000v\000s\000\040\0002\000.\0000\000.\0001}{section.3.3}% 41
\BOOKMARK [1][-]{section.3.4}{\376\377\000O\000C\000P\000P\000\040\000C\000o\000n\000n\000e\000c\000t\000o\000r\000\040\000S\000t\000a\000t\000e\000\040\000M\000a\000c\000h\000i\000n\000e}{chapter.3}% 42
\BOOKMARK [2][-]{subsection.3.4.1}{\376\377\000S\000t\000a\000t\000e\000\040\000T\000r\000a\000n\000s\000i\000t\000i\000o\000n\000\040\000L\000o\000g\000i\000c}{section.3.4}% 43
\BOOKMARK [2][-]{subsection.3.4.2}{\376\377\000E\000V\000S\000E\000\040\000t\000o\000\040\000O\000C\000P\000P\000\040\000S\000t\000a\000t\000e\000\040\000M\000a\000p\000p\000i\000n\000g}{section.3.4}% 44
\BOOKMARK [0][-]{chapter.4}{\376\377\000C\000o\000n\000f\000i\000g\000u\000r\000a\000t\000i\000o\000n\000\040\000a\000n\000d\000\040\000D\000e\000p\000l\000o\000y\000m\000e\000n\000t}{}% 45
\BOOKMARK [1][-]{section.4.1}{\376\377\000C\000o\000m\000m\000a\000n\000d\000\040\000L\000i\000n\000e\000\040\000I\000n\000t\000e\000r\000f\000a\000c\000e\000\040\000\050\000C\000L\000I\000\051}{chapter.4}% 46
\BOOKMARK [1][-]{section.4.2}{\376\377\000J\000S\000O\000N\000\040\000C\000o\000n\000f\000i\000g\000u\000r\000a\000t\000i\000o\000n}{chapter.4}% 47
\BOOKMARK [2][-]{subsection.4.2.1}{\376\377\000E\000V\000\040\000C\000o\000n\000f\000i\000g\000u\000r\000a\000t\000i\000o\000n\000\040\000\050\000e\000v\000.\000j\000s\000o\000n\000\051}{section.4.2}% 48
\BOOKMARK [2][-]{subsection.4.2.2}{\376\377\000E\000V\000S\000E\000\040\000C\000o\000n\000f\000i\000g\000u\000r\000a\000t\000i\000o\000n\000\040\000\050\000e\000v\000s\000e\000.\000j\000s\000o\000n\000\051}{section.4.2}% 49
\BOOKMARK [1][-]{section.4.3}{\376\377\000S\000o\000f\000t\000w\000a\000r\000e\000\040\000D\000e\000p\000e\000n\000d\000e\000n\000c\000i\000e\000s}{chapter.4}% 50
\BOOKMARK [0][-]{chapter.5}{\376\377\000T\000e\000s\000t\000\040\000P\000l\000a\000n}{}% 51
\BOOKMARK [1][-]{section.5.1}{\376\377\000T\000e\000s\000t\000i\000n\000g\000\040\000S\000c\000o\000p\000e}{chapter.5}% 52
\BOOKMARK [1][-]{section.5.2}{\376\377\000T\000e\000s\000t\000\040\000E\000n\000v\000i\000r\000o\000n\000m\000e\000n\000t}{chapter.5}% 53
\BOOKMARK [1][-]{section.5.3}{\376\377\000A\000u\000t\000o\000m\000a\000t\000e\000d\000\040\000T\000e\000s\000t\000\040\000S\000t\000r\000a\000t\000e\000g\000y}{chapter.5}% 54
\BOOKMARK [2][-]{subsection.5.3.1}{\376\377\000U\000n\000i\000t\000\040\000T\000e\000s\000t\000i\000n\000g}{section.5.3}% 55
\BOOKMARK [2][-]{subsection.5.3.2}{\376\377\000I\000n\000t\000e\000g\000r\000a\000t\000i\000o\000n\000\040\000T\000e\000s\000t\000i\000n\000g}{section.5.3}% 56
\BOOKMARK [2][-]{subsection.5.3.3}{\376\377\000S\000y\000s\000t\000e\000m\000\040\000T\000e\000s\000t\000i\000n\000g}{section.5.3}% 57
\BOOKMARK [2][-]{subsection.5.3.4}{\376\377\000T\000e\000s\000t\000\040\000E\000x\000e\000c\000u\000t\000i\000o\000n}{section.5.3}% 58
\BOOKMARK [2][-]{subsection.5.3.5}{\376\377\000I\000n\000i\000t\000i\000a\000l\000\040\000T\000e\000s\000t\000\040\000R\000e\000s\000u\000l\000t\000s}{section.5.3}% 59
\BOOKMARK [1][-]{section.5.4}{\376\377\000T\000e\000s\000t\000\040\000P\000r\000o\000c\000e\000d\000u\000r\000e\000s}{chapter.5}% 60
\BOOKMARK [2][-]{subsection.5.4.1}{\376\377\000T\000C\000-\0000\0001\000:\000\040\000S\000y\000s\000t\000e\000m\000\040\000I\000n\000i\000t\000i\000a\000l\000i\000z\000a\000t\000i\000o\000n}{section.5.4}% 61
\BOOKMARK [2][-]{subsection.5.4.2}{\376\377\000T\000C\000-\0000\0002\000:\000\040\000E\000V\000\040\000C\000o\000n\000n\000e\000c\000t\000i\000o\000n}{section.5.4}% 62
\BOOKMARK [2][-]{subsection.5.4.3}{\376\377\000T\000C\000-\0000\0003\000:\000\040\000A\000u\000t\000h\000o\000r\000i\000z\000a\000t\000i\000o\000n}{section.5.4}% 63
\BOOKMARK [2][-]{subsection.5.4.4}{\376\377\000T\000C\000-\0000\0004\000:\000\040\000C\000h\000a\000r\000g\000i\000n\000g\000\040\000L\000o\000o\000p}{section.5.4}% 64
\BOOKMARK [2][-]{subsection.5.4.5}{\376\377\000T\000C\000-\0000\0005\000:\000\040\000S\000e\000s\000s\000i\000o\000n\000\040\000S\000t\000o\000p}{section.5.4}% 65
\BOOKMARK [2][-]{subsection.5.4.6}{\376\377\000T\000C\000-\0000\0006\000:\000\040\000S\000a\000f\000e\000t\000y\000/\000E\000m\000e\000r\000g\000e\000n\000c\000y\000\040\000S\000t\000o\000p}{section.5.4}% 66
\BOOKMARK [0][-]{chapter.6}{\376\377\000M\000E\000A\000\040\000C\000o\000m\000p\000l\000i\000a\000n\000c\000e\000\040\000T\000e\000s\000t}{}% 67
\BOOKMARK [1][-]{section.6.1}{\376\377\000M\000E\000A\000\040\000T\000e\000s\000t\000\040\000C\000o\000n\000f\000i\000g\000u\000r\000a\000t\000i\000o\000n}{chapter.6}% 68
\BOOKMARK [2][-]{subsection.6.1.1}{\376\377\000C\000o\000n\000n\000e\000c\000t\000i\000v\000i\000t\000y\000\040\000D\000e\000t\000a\000i\000l\000s}{section.6.1}% 69
\BOOKMARK [2][-]{subsection.6.1.2}{\376\377\000T\000e\000s\000t\000\040\000E\000x\000e\000c\000u\000t\000i\000o\000n\000\040\000I\000n\000s\000t\000r\000u\000c\000t\000i\000o\000n\000s}{section.6.1}% 70
\BOOKMARK [1][-]{section.6.2}{\376\377\000O\000C\000P\000P\000\040\0001\000.\0006\000\040\000V\0002\000G\000\040\000W\000o\000r\000k\000a\000r\000o\000u\000n\000d\000\040\000\050\000S\000p\000e\000c\000i\000a\000l\000\040\000T\000e\000s\000t\000\040\000C\000a\000s\000e\000\051}{chapter.6}% 71
\BOOKMARK [2][-]{subsection.6.2.1}{\376\377\000C\000u\000s\000t\000o\000m\000\040\000C\000o\000n\000f\000i\000g\000u\000r\000a\000t\000i\000o\000n\000\040\000K\000e\000y\000:\000\040\000M\000E\000A\000\137\000V\0002\000G\000\137\000P\000o\000w\000e\000r\000D\000e\000m\000a\000n\000d}{section.6.2}% 72
\BOOKMARK [1][-]{section.6.3}{\376\377\000M\000E\000A\000\040\000O\000C\000P\000P\000\040\0001\000.\0006\000\040\000C\000o\000m\000p\000l\000i\000a\000n\000c\000e\000\040\000V\000e\000r\000i\000f\000i\000c\000a\000t\000i\000o\000n}{chapter.6}% 73
\BOOKMARK [1][-]{section.6.4}{\376\377\000M\000E\000A\000\040\000C\000o\000m\000p\000l\000i\000a\000n\000c\000e\000\040\000T\000e\000s\000t\000\040\000R\000e\000s\000u\000l\000t\000s}{chapter.6}% 74
\BOOKMARK [0][-]{chapter.7}{\376\377\000R\000e\000f\000e\000r\000e\000n\000c\000e\000\040\000D\000o\000c\000u\000m\000e\000n\000t\000s}{}% 75
\BOOKMARK [0][-]{appendix.A}{\376\377\000O\000C\000P\000P\000\040\0002\000.\0000\000.\0001\000\040\000P\000r\000o\000t\000o\000c\000o\000l\000\040\000D\000e\000t\000a\000i\000l\000s}{}% 76
\BOOKMARK [1][-]{section.A.1}{\376\377\000O\000v\000e\000r\000v\000i\000e\000w}{appendix.A}% 77
\BOOKMARK [1][-]{section.A.2}{\376\377\000C\000o\000r\000e\000\040\000M\000e\000s\000s\000a\000g\000e\000\040\000R\000e\000f\000e\000r\000e\000n\000c\000e}{appendix.A}% 78
\BOOKMARK [0][-]{appendix.B}{\376\377\000W\000h\000i\000t\000e\000b\000e\000e\000t\000\040\000I\000n\000t\000e\000r\000f\000a\000c\000e\000\040\000R\000e\000f\000e\000r\000e\000n\000c\000e}{}% 79
\BOOKMARK [1][-]{section.B.1}{\376\377\000S\000y\000s\000t\000e\000m\000\040\000\046\000\040\000C\000o\000n\000f\000i\000g\000u\000r\000a\000t\000i\000o\000n}{appendix.B}% 80
\BOOKMARK [1][-]{section.B.2}{\376\377\000C\000o\000n\000t\000r\000o\000l\000\040\000P\000i\000l\000o\000t\000\040\000\050\000C\000P\000\051}{appendix.B}% 81
\BOOKMARK [1][-]{section.B.3}{\376\377\000S\000L\000A\000C\000\040\000\050\000G\000r\000e\000e\000n\000P\000H\000Y\000\051}{appendix.B}% 82
\BOOKMARK [1][-]{section.B.4}{\376\377\000V\0002\000G\000\040\000S\000e\000s\000s\000i\000o\000n\000\040\000M\000a\000n\000a\000g\000e\000m\000e\000n\000t\000\040\000\050\000E\000V\000S\000E\000\051}{appendix.B}% 83
\BOOKMARK [2][-]{subsection.B.4.1}{\376\377\000C\000o\000n\000f\000i\000g\000u\000r\000a\000t\000i\000o\000n}{section.B.4}% 84
\BOOKMARK [2][-]{subsection.B.4.2}{\376\377\000S\000e\000s\000s\000i\000o\000n\000\040\000C\000o\000n\000t\000r\000o\000l}{section.B.4}% 85
\BOOKMARK [2][-]{subsection.B.4.3}{\376\377\000N\000o\000t\000i\000f\000i\000c\000a\000t\000i\000o\000n\000s\000\040\000\046\000\040\000P\000a\000r\000s\000i\000n\000g}{section.B.4}% 86
